
[36m[1m[37m# [36mMultiline test[22m[39m

With linebreak

or without

[36m[1m[37m## [36mSecond line[22m[39m

